

================================================================
== Vitis HLS Report for 'eye_feature'
================================================================
* Date:           Wed Jun 10 14:09:03 2026

* Version:        2023.2 (Build 4023990 on Oct 11 2023)
* Project:        eyefeature_robust8
* Solution:       solution1 (Vivado IP Flow Target)
* Product family: zynq
* Target device:  xc7z020-clg400-1


================================================================
== Performance Estimates
================================================================
+ Timing: 
    * Summary: 
    +--------+----------+-----------+------------+
    |  Clock |  Target  | Estimated | Uncertainty|
    +--------+----------+-----------+------------+
    |ap_clk  |  20.00 ns|  14.458 ns|     5.40 ns|
    +--------+----------+-----------+------------+

+ Latency: 
    * Summary: 
    +---------+---------+----------+-----------+-----+--------+---------+
    |  Latency (cycles) |  Latency (absolute)  |   Interval   | Pipeline|
    |   min   |   max   |    min   |    max    | min |   max  |   Type  |
    +---------+---------+----------+-----------+-----+--------+---------+
    |       92|   834004|  1.840 us|  16.680 ms|   93|  834005|       no|
    +---------+---------+----------+-----------+-----+--------+---------+

    + Detail: 
        * Instance: 
        +-------------------------------------------+--------------------------------+---------+---------+-----------+-----------+-----+------+---------+
        |                                           |                                |  Latency (cycles) |   Latency (absolute)  |  Interval  | Pipeline|
        |                  Instance                 |             Module             |   min   |   max   |    min    |    max    | min |  max |   Type  |
        +-------------------------------------------+--------------------------------+---------+---------+-----------+-----------+-----+------+---------+
        |grp_eye_feature_Pipeline_INIT_HIST_fu_479  |eye_feature_Pipeline_INIT_HIST  |       66|       66|   1.320 us|   1.320 us|   66|    66|       no|
        |grp_eye_feature_Pipeline_FRAME_X_fu_499    |eye_feature_Pipeline_FRAME_X    |        2|     1286|  40.000 ns|  25.720 us|    2|  1286|       no|
        |grp_compute_robust_stats_fu_540            |compute_robust_stats            |        1|     9313|  20.000 ns|   0.186 ms|    1|  9313|       no|
        |grp_compute_robust_stats_fu_555            |compute_robust_stats            |        1|     9313|  20.000 ns|   0.186 ms|    1|  9313|       no|
        +-------------------------------------------+--------------------------------+---------+---------+-----------+-----------+-----+------+---------+

        * Loop: 
        +-----------+---------+---------+----------+-----------+-----------+---------+----------+
        |           |  Latency (cycles) | Iteration|  Initiation Interval  |   Trip  |          |
        | Loop Name |   min   |   max   |  Latency |  achieved |   target  |  Count  | Pipelined|
        +-----------+---------+---------+----------+-----------+-----------+---------+----------+
        |- FRAME_Y  |        0|   824320|  4 ~ 1288|          -|          -|  0 ~ 640|        no|
        +-----------+---------+---------+----------+-----------+-----------+---------+----------+



================================================================
== Utilization Estimates
================================================================
* Summary: 
+-----------------+---------+-----+--------+-------+-----+
|       Name      | BRAM_18K| DSP |   FF   |  LUT  | URAM|
+-----------------+---------+-----+--------+-------+-----+
|DSP              |        -|    -|       -|      -|    -|
|Expression       |        -|    -|       0|   9044|    -|
|FIFO             |        -|    -|       -|      -|    -|
|Instance         |        0|   57|    7963|  13486|    0|
|Memory           |        8|    -|     128|     32|    0|
|Multiplexer      |        -|    -|       -|   2495|    -|
|Register         |        -|    -|    3295|      -|    -|
+-----------------+---------+-----+--------+-------+-----+
|Total            |        8|   57|   11386|  25057|    0|
+-----------------+---------+-----+--------+-------+-----+
|Available        |      280|  220|  106400|  53200|    0|
+-----------------+---------+-----+--------+-------+-----+
|Utilization (%)  |        2|   25|      10|     47|    0|
+-----------------+---------+-----+--------+-------+-----+

+ Detail: 
    * Instance: 
    +-------------------------------------------+--------------------------------+---------+----+------+------+-----+
    |                  Instance                 |             Module             | BRAM_18K| DSP|  FF  |  LUT | URAM|
    +-------------------------------------------+--------------------------------+---------+----+------+------+-----+
    |CTRL_s_axi_U                               |CTRL_s_axi                      |        0|   0|   644|  1064|    0|
    |grp_compute_robust_stats_fu_540            |compute_robust_stats            |        0|   5|  1816|  4536|    0|
    |grp_compute_robust_stats_fu_555            |compute_robust_stats            |        0|   5|  1816|  4536|    0|
    |grp_eye_feature_Pipeline_FRAME_X_fu_499    |eye_feature_Pipeline_FRAME_X    |        0|   5|   526|  1134|    0|
    |grp_eye_feature_Pipeline_INIT_HIST_fu_479  |eye_feature_Pipeline_INIT_HIST  |        0|   0|     9|    56|    0|
    |mul_32s_31ns_32_1_1_U174                   |mul_32s_31ns_32_1_1             |        0|   3|     0|    20|    0|
    |mul_32s_32s_32_1_1_U175                    |mul_32s_32s_32_1_1              |        0|   3|     0|    20|    0|
    |mul_32s_34ns_65_1_1_U178                   |mul_32s_34ns_65_1_1             |        0|   4|     0|    22|    0|
    |mul_32s_34ns_65_1_1_U179                   |mul_32s_34ns_65_1_1             |        0|   4|     0|    22|    0|
    |mul_32s_34ns_65_1_1_U180                   |mul_32s_34ns_65_1_1             |        0|   4|     0|    22|    0|
    |mul_32s_34ns_65_1_1_U181                   |mul_32s_34ns_65_1_1             |        0|   4|     0|    22|    0|
    |mul_32s_34ns_65_1_1_U182                   |mul_32s_34ns_65_1_1             |        0|   4|     0|    22|    0|
    |mul_32s_34ns_65_1_1_U183                   |mul_32s_34ns_65_1_1             |        0|   4|     0|    22|    0|
    |mul_32s_34ns_65_1_1_U184                   |mul_32s_34ns_65_1_1             |        0|   4|     0|    22|    0|
    |mul_32s_34ns_65_1_1_U185                   |mul_32s_34ns_65_1_1             |        0|   4|     0|    22|    0|
    |mul_32s_8ns_32_1_1_U176                    |mul_32s_8ns_32_1_1              |        0|   2|     0|    20|    0|
    |mul_32s_8ns_32_1_1_U177                    |mul_32s_8ns_32_1_1              |        0|   2|     0|    20|    0|
    |sdiv_32ns_32ns_32_36_seq_1_U188            |sdiv_32ns_32ns_32_36_seq_1      |        0|   0|   394|   238|    0|
    |sdiv_32ns_32ns_32_36_seq_1_U189            |sdiv_32ns_32ns_32_36_seq_1      |        0|   0|   394|   238|    0|
    |sdiv_32ns_32ns_32_36_seq_1_U190            |sdiv_32ns_32ns_32_36_seq_1      |        0|   0|   394|   238|    0|
    |sdiv_32ns_32ns_32_36_seq_1_U191            |sdiv_32ns_32ns_32_36_seq_1      |        0|   0|   394|   238|    0|
    |sdiv_32ns_32s_32_36_seq_1_U186             |sdiv_32ns_32s_32_36_seq_1       |        0|   0|   394|   238|    0|
    |sdiv_32ns_32s_32_36_seq_1_U187             |sdiv_32ns_32s_32_36_seq_1       |        0|   0|   394|   238|    0|
    |sdiv_32ns_32s_32_36_seq_1_U192             |sdiv_32ns_32s_32_36_seq_1       |        0|   0|   394|   238|    0|
    |sdiv_32ns_32s_32_36_seq_1_U193             |sdiv_32ns_32s_32_36_seq_1       |        0|   0|   394|   238|    0|
    +-------------------------------------------+--------------------------------+---------+----+------+------+-----+
    |Total                                      |                                |        0|  57|  7963| 13486|    0|
    +-------------------------------------------+--------------------------------+---------+----+------+------+-----+

    * DSP: 
    N/A

    * Memory: 
    +-----------+-----------------------+---------+----+----+-----+------+-----+------+-------------+
    |   Memory  |         Module        | BRAM_18K| FF | LUT| URAM| Words| Bits| Banks| W*Bits*Banks|
    +-----------+-----------------------+---------+----+----+-----+------+-----+------+-------------+
    |hist0_U    |hist0_RAM_AUTO_1R1W    |        0|  16|   4|    0|    16|   16|     1|          256|
    |hist0_1_U  |hist0_RAM_AUTO_1R1W    |        0|  16|   4|    0|    16|   16|     1|          256|
    |hist0_2_U  |hist0_RAM_AUTO_1R1W    |        0|  16|   4|    0|    16|   16|     1|          256|
    |hist0_3_U  |hist0_RAM_AUTO_1R1W    |        0|  16|   4|    0|    16|   16|     1|          256|
    |hist1_U    |hist0_RAM_AUTO_1R1W    |        0|  16|   4|    0|    16|   16|     1|          256|
    |hist1_1_U  |hist0_RAM_AUTO_1R1W    |        0|  16|   4|    0|    16|   16|     1|          256|
    |hist1_2_U  |hist0_RAM_AUTO_1R1W    |        0|  16|   4|    0|    16|   16|     1|          256|
    |hist1_3_U  |hist0_RAM_AUTO_1R1W    |        0|  16|   4|    0|    16|   16|     1|          256|
    |pix0_U     |pix0_RAM_2P_BRAM_1R1W  |        4|   0|   0|    0|  8192|    8|     1|        65536|
    |pix1_U     |pix0_RAM_2P_BRAM_1R1W  |        4|   0|   0|    0|  8192|    8|     1|        65536|
    +-----------+-----------------------+---------+----+----+-----+------+-----+------+-------------+
    |Total      |                       |        8| 128|  32|    0| 16512|  144|    10|       133120|
    +-----------+-----------------------+---------+----+----+-----+------+-----+------+-------------+

    * FIFO: 
    N/A

    * Expression: 
    +---------------------------------+----------+----+---+----+------------+------------+
    |          Variable Name          | Operation| DSP| FF| LUT| Bitwidth P0| Bitwidth P1|
    +---------------------------------+----------+----+---+----+------------+------------+
    |add36_fu_2459_p2                 |         +|   0|  0|  39|          32|          32|
    |add_fu_2441_p2                   |         +|   0|  0|  39|          32|          32|
    |add_ln101_7_fu_2868_p2           |         +|   0|  0|  39|          32|          32|
    |add_ln179_fu_884_p2              |         +|   0|  0|  39|          32|           2|
    |add_ln180_fu_920_p2              |         +|   0|  0|  39|          32|           2|
    |add_ln181_1_fu_962_p2            |         +|   0|  0|  39|          32|           1|
    |add_ln181_2_fu_1132_p2           |         +|   0|  0|  39|          32|          32|
    |add_ln181_3_fu_1138_p2           |         +|   0|  0|  39|          32|           1|
    |add_ln181_fu_956_p2              |         +|   0|  0|  39|          32|          32|
    |add_ln182_1_fu_1002_p2           |         +|   0|  0|  39|          32|           1|
    |add_ln182_2_fu_1172_p2           |         +|   0|  0|  39|          32|          32|
    |add_ln182_3_fu_1178_p2           |         +|   0|  0|  39|          32|           1|
    |add_ln182_fu_996_p2              |         +|   0|  0|  39|          32|          32|
    |add_ln191_1_fu_2067_p2           |         +|   0|  0|  39|          32|           2|
    |add_ln191_fu_1885_p2             |         +|   0|  0|  39|          32|           2|
    |add_ln192_1_fu_2093_p2           |         +|   0|  0|  39|          32|           1|
    |add_ln192_fu_1911_p2             |         +|   0|  0|  39|          32|           1|
    |add_ln193_1_fu_2125_p2           |         +|   0|  0|  39|          32|           2|
    |add_ln193_fu_1943_p2             |         +|   0|  0|  39|          32|           2|
    |add_ln194_1_fu_2151_p2           |         +|   0|  0|  39|          32|           1|
    |add_ln194_fu_1969_p2             |         +|   0|  0|  39|          32|           1|
    |add_ln417_1_fu_2888_p2           |         +|   0|  0|  32|          32|          32|
    |add_ln417_2_fu_2990_p2           |         +|   0|  0|  32|          32|           1|
    |add_ln417_3_fu_2996_p2           |         +|   0|  0|  32|          32|          32|
    |add_ln417_4_fu_3037_p2           |         +|   0|  0|  32|          32|           1|
    |add_ln417_5_fu_3043_p2           |         +|   0|  0|  32|          32|          32|
    |add_ln417_6_fu_3084_p2           |         +|   0|  0|  32|          32|           1|
    |add_ln417_7_fu_3090_p2           |         +|   0|  0|  32|          32|          32|
    |add_ln417_fu_2882_p2             |         +|   0|  0|  32|          32|           1|
    |add_ln520_fu_2495_p2             |         +|   0|  0|  38|          31|           1|
    |add_ln95_10_fu_1311_p2           |         +|   0|  0|  32|          32|           6|
    |add_ln95_11_fu_1367_p2           |         +|   0|  0|  32|          32|           6|
    |add_ln95_12_fu_1397_p2           |         +|   0|  0|  32|          32|          32|
    |add_ln95_13_fu_1427_p2           |         +|   0|  0|  32|          32|           6|
    |add_ln95_1_fu_1287_p2            |         +|   0|  0|  32|          32|          32|
    |add_ln95_2_fu_1317_p2            |         +|   0|  0|  32|          32|          32|
    |add_ln95_3_fu_1331_p2            |         +|   0|  0|  39|          32|          32|
    |add_ln95_4_fu_1373_p2            |         +|   0|  0|  32|          32|          32|
    |add_ln95_5_fu_1403_p2            |         +|   0|  0|  32|          32|          32|
    |add_ln95_6_fu_1433_p2            |         +|   0|  0|  32|          32|          32|
    |add_ln95_7_fu_1447_p2            |         +|   0|  0|  39|          32|          32|
    |add_ln95_8_fu_1251_p2            |         +|   0|  0|  32|          32|           6|
    |add_ln95_9_fu_1281_p2            |         +|   0|  0|  32|          32|          32|
    |add_ln95_fu_1257_p2              |         +|   0|  0|  32|          32|          32|
    |ex0_1_fu_2447_p2                 |         +|   0|  0|  39|          32|          32|
    |ex1_1_fu_2453_p2                 |         +|   0|  0|  39|          32|          32|
    |eye0_cx0_fu_2021_p2              |         +|   0|  0|  39|          32|          32|
    |eye0_cy0_1_fu_2026_p2            |         +|   0|  0|  39|          32|          32|
    |eye1_cx0_fu_2203_p2              |         +|   0|  0|  39|          32|          32|
    |eye1_cy0_1_fu_2208_p2            |         +|   0|  0|  39|          32|          32|
    |fallback_fu_760_p2               |         +|   0|  0|  14|           7|           6|
    |grp_fu_2702_p0                   |         +|   0|  0|  39|          32|          32|
    |grp_fu_2734_p0                   |         +|   0|  0|  39|          32|          32|
    |grp_fu_2760_p0                   |         +|   0|  0|  39|          32|          32|
    |grp_fu_2787_p0                   |         +|   0|  0|  39|          32|          32|
    |grp_fu_2814_p0                   |         +|   0|  0|  39|          32|          32|
    |grp_fu_2841_p0                   |         +|   0|  0|  39|          32|          32|
    |grp_fu_2858_p0                   |         +|   0|  0|  39|          32|          32|
    |ch_1_fu_2193_p2                  |         -|   0|  0|  39|          32|          32|
    |ch_fu_2011_p2                    |         -|   0|  0|  39|          32|          32|
    |cw_1_fu_2183_p2                  |         -|   0|  0|  39|          32|          32|
    |cw_fu_2001_p2                    |         -|   0|  0|  39|          32|          32|
    |rh_1_fu_1218_p2                  |         -|   0|  0|  39|          32|          32|
    |rh_fu_1042_p2                    |         -|   0|  0|  39|          32|          32|
    |rw_1_fu_1212_p2                  |         -|   0|  0|  39|          32|          32|
    |rw_fu_1036_p2                    |         -|   0|  0|  39|          32|          32|
    |sub_ln425_1_fu_3131_p2           |         -|   0|  0|  39|          32|          32|
    |sub_ln425_2_fu_3159_p2           |         -|   0|  0|  39|          32|          32|
    |sub_ln425_3_fu_3187_p2           |         -|   0|  0|  39|          32|          32|
    |sub_ln425_fu_2930_p2             |         -|   0|  0|  39|          32|          32|
    |sub_ln524_fu_2550_p2             |         -|   0|  0|  14|           6|           6|
    |sub_ln525_fu_2564_p2             |         -|   0|  0|  14|           6|           6|
    |sub_ln90_1_fu_3145_p2            |         -|   0|  0|  39|           1|          32|
    |sub_ln90_2_fu_3173_p2            |         -|   0|  0|  39|           1|          32|
    |sub_ln90_3_fu_3201_p2            |         -|   0|  0|  39|           1|          32|
    |sub_ln90_fu_2944_p2              |         -|   0|  0|  39|           1|          32|
    |sub_ln95_10_fu_1712_p2           |         -|   0|  0|  72|           1|          65|
    |sub_ln95_11_fu_1749_p2           |         -|   0|  0|  39|           1|          32|
    |sub_ln95_12_fu_1759_p2           |         -|   0|  0|  72|           1|          65|
    |sub_ln95_13_fu_1796_p2           |         -|   0|  0|  39|           1|          32|
    |sub_ln95_14_fu_1806_p2           |         -|   0|  0|  72|           1|          65|
    |sub_ln95_15_fu_1843_p2           |         -|   0|  0|  39|           1|          32|
    |sub_ln95_1_fu_1514_p2            |         -|   0|  0|  39|           1|          32|
    |sub_ln95_2_fu_1524_p2            |         -|   0|  0|  72|           1|          65|
    |sub_ln95_3_fu_1561_p2            |         -|   0|  0|  39|           1|          32|
    |sub_ln95_4_fu_1571_p2            |         -|   0|  0|  72|           1|          65|
    |sub_ln95_5_fu_1608_p2            |         -|   0|  0|  39|           1|          32|
    |sub_ln95_6_fu_1618_p2            |         -|   0|  0|  72|           1|          65|
    |sub_ln95_7_fu_1655_p2            |         -|   0|  0|  39|           1|          32|
    |sub_ln95_8_fu_1665_p2            |         -|   0|  0|  72|           1|          65|
    |sub_ln95_9_fu_1702_p2            |         -|   0|  0|  39|           1|          32|
    |sub_ln95_fu_1477_p2              |         -|   0|  0|  72|           1|          65|
    |and_ln144_fu_726_p2              |       and|   0|  0|   2|           1|           1|
    |and_ln150_1_fu_834_p2            |       and|   0|  0|   2|           1|           1|
    |and_ln150_fu_828_p2              |       and|   0|  0|   2|           1|           1|
    |and_ln159_1_fu_816_p2            |       and|   0|  0|   2|           1|           1|
    |and_ln159_fu_708_p2              |       and|   0|  0|   2|           1|           1|
    |and_ln492_1_fu_2242_p2           |       and|   0|  0|   2|           1|           1|
    |and_ln492_2_fu_2247_p2           |       and|   0|  0|   2|           1|           1|
    |and_ln492_fu_2236_p2             |       and|   0|  0|   2|           1|           1|
    |c_valid_2_fu_2435_p2             |       and|   0|  0|   2|           1|           1|
    |c_valid_3_fu_2429_p2             |       and|   0|  0|   2|           1|           1|
    |global_valid_fu_2253_p2          |       and|   0|  0|   2|           1|           1|
    |cmp6_i_fu_2465_p2                |      icmp|   0|  0|  39|          32|           2|
    |grp_fu_646_p2                    |      icmp|   0|  0|  39|          32|           1|
    |icmp_ln144_1_fu_720_p2           |      icmp|   0|  0|  39|          32|           6|
    |icmp_ln144_fu_714_p2             |      icmp|   0|  0|  39|          32|           1|
    |icmp_ln150_1_fu_754_p2           |      icmp|   0|  0|  39|          32|           7|
    |icmp_ln150_fu_748_p2             |      icmp|   0|  0|  39|          32|          32|
    |icmp_ln152_fu_766_p2             |      icmp|   0|  0|  14|           7|           6|
    |icmp_ln153_fu_780_p2             |      icmp|   0|  0|  14|           7|           7|
    |icmp_ln159_1_fu_702_p2           |      icmp|   0|  0|  39|          32|           5|
    |icmp_ln159_fu_696_p2             |      icmp|   0|  0|  39|          32|           7|
    |icmp_ln177_1_fu_860_p2           |      icmp|   0|  0|  39|          32|           1|
    |icmp_ln177_2_fu_872_p2           |      icmp|   0|  0|  39|          32|           1|
    |icmp_ln177_3_fu_878_p2           |      icmp|   0|  0|  39|          32|           1|
    |icmp_ln177_4_fu_1060_p2          |      icmp|   0|  0|  39|          32|           1|
    |icmp_ln177_5_fu_1066_p2          |      icmp|   0|  0|  39|          32|           1|
    |icmp_ln177_fu_854_p2             |      icmp|   0|  0|  39|          32|           1|
    |icmp_ln198_1_fu_2264_p2          |      icmp|   0|  0|  39|          32|           1|
    |icmp_ln198_2_fu_2269_p2          |      icmp|   0|  0|  39|          32|           8|
    |icmp_ln198_3_fu_2274_p2          |      icmp|   0|  0|  39|          32|           7|
    |icmp_ln198_4_fu_2344_p2          |      icmp|   0|  0|  39|          32|           1|
    |icmp_ln198_5_fu_2349_p2          |      icmp|   0|  0|  39|          32|           1|
    |icmp_ln198_6_fu_2354_p2          |      icmp|   0|  0|  39|          32|           8|
    |icmp_ln198_7_fu_2359_p2          |      icmp|   0|  0|  39|          32|           7|
    |icmp_ln198_fu_2259_p2            |      icmp|   0|  0|  39|          32|           1|
    |icmp_ln392_1_fu_2713_p2          |      icmp|   0|  0|  39|          32|           1|
    |icmp_ln392_fu_2680_p2            |      icmp|   0|  0|  39|          32|           1|
    |icmp_ln398_1_fu_2767_p2          |      icmp|   0|  0|  39|          32|           1|
    |icmp_ln398_fu_2740_p2            |      icmp|   0|  0|  39|          32|           1|
    |icmp_ln405_1_fu_2821_p2          |      icmp|   0|  0|  39|          32|           1|
    |icmp_ln405_fu_2794_p2            |      icmp|   0|  0|  39|          32|           1|
    |icmp_ln486_fu_682_p2             |      icmp|   0|  0|  39|          32|           1|
    |icmp_ln492_1_fu_2216_p2          |      icmp|   0|  0|  39|          32|           1|
    |icmp_ln492_2_fu_2221_p2          |      icmp|   0|  0|  39|          32|           1|
    |icmp_ln492_fu_848_p2             |      icmp|   0|  0|  39|          32|           1|
    |icmp_ln493_1_fu_2231_p2          |      icmp|   0|  0|  39|          32|          10|
    |icmp_ln493_fu_2226_p2            |      icmp|   0|  0|  39|          32|          10|
    |icmp_ln520_fu_2489_p2            |      icmp|   0|  0|  38|          31|          10|
    |icmp_ln521_fu_2509_p2            |      icmp|   0|  0|  39|          32|          32|
    |icmp_ln522_1_fu_2526_p2          |      icmp|   0|  0|  39|          32|          32|
    |icmp_ln522_fu_2514_p2            |      icmp|   0|  0|  39|          32|          32|
    |icmp_ln523_1_fu_2544_p2          |      icmp|   0|  0|  39|          32|          32|
    |icmp_ln523_fu_2532_p2            |      icmp|   0|  0|  39|          32|          32|
    |icmp_ln83_10_fu_1467_p2          |      icmp|   0|  0|  39|          32|           8|
    |icmp_ln83_11_fu_2157_p2          |      icmp|   0|  0|  39|          32|          32|
    |icmp_ln83_1_fu_1008_p2           |      icmp|   0|  0|  39|          32|          32|
    |icmp_ln83_2_fu_1345_p2           |      icmp|   0|  0|  39|          32|           8|
    |icmp_ln83_3_fu_1917_p2           |      icmp|   0|  0|  39|          32|          32|
    |icmp_ln83_4_fu_1351_p2           |      icmp|   0|  0|  39|          32|           8|
    |icmp_ln83_5_fu_1975_p2           |      icmp|   0|  0|  39|          32|          32|
    |icmp_ln83_6_fu_1144_p2           |      icmp|   0|  0|  39|          32|          32|
    |icmp_ln83_7_fu_1184_p2           |      icmp|   0|  0|  39|          32|          32|
    |icmp_ln83_8_fu_1461_p2           |      icmp|   0|  0|  39|          32|           8|
    |icmp_ln83_9_fu_2099_p2           |      icmp|   0|  0|  39|          32|          32|
    |icmp_ln83_fu_968_p2              |      icmp|   0|  0|  39|          32|          32|
    |icmp_ln84_10_fu_1150_p2          |      icmp|   0|  0|  39|          32|          32|
    |icmp_ln84_11_fu_1190_p2          |      icmp|   0|  0|  39|          32|          32|
    |icmp_ln84_12_fu_2072_p2          |      icmp|   0|  0|  39|          32|          32|
    |icmp_ln84_13_fu_2105_p2          |      icmp|   0|  0|  39|          32|          32|
    |icmp_ln84_14_fu_2130_p2          |      icmp|   0|  0|  39|          32|          32|
    |icmp_ln84_15_fu_2163_p2          |      icmp|   0|  0|  39|          32|          32|
    |icmp_ln84_1_fu_934_p2            |      icmp|   0|  0|  39|          32|          32|
    |icmp_ln84_2_fu_974_p2            |      icmp|   0|  0|  39|          32|          32|
    |icmp_ln84_3_fu_1014_p2           |      icmp|   0|  0|  39|          32|          32|
    |icmp_ln84_4_fu_1890_p2           |      icmp|   0|  0|  39|          32|          32|
    |icmp_ln84_5_fu_1923_p2           |      icmp|   0|  0|  39|          32|          32|
    |icmp_ln84_6_fu_1948_p2           |      icmp|   0|  0|  39|          32|          32|
    |icmp_ln84_7_fu_1981_p2           |      icmp|   0|  0|  39|          32|          32|
    |icmp_ln84_8_fu_1080_p2           |      icmp|   0|  0|  39|          32|          32|
    |icmp_ln84_9_fu_1110_p2           |      icmp|   0|  0|  39|          32|          32|
    |icmp_ln84_fu_898_p2              |      icmp|   0|  0|  39|          32|          32|
    |ap_block_state307                |        or|   0|  0|   2|           1|           1|
    |ap_block_state8_on_subcall_done  |        or|   0|  0|   2|           1|           1|
    |or_ln159_fu_802_p2               |        or|   0|  0|   2|           1|           1|
    |or_ln177_fu_866_p2               |        or|   0|  0|   2|           1|           1|
    |or_ln198_10_fu_2376_p2           |        or|   0|  0|   2|           1|           1|
    |or_ln198_11_fu_2382_p2           |        or|   0|  0|   2|           1|           1|
    |or_ln198_1_fu_1054_p2            |        or|   0|  0|   2|           1|           1|
    |or_ln198_2_fu_2279_p2            |        or|   0|  0|   2|           1|           1|
    |or_ln198_3_fu_2285_p2            |        or|   0|  0|   2|           1|           1|
    |or_ln198_4_fu_2291_p2            |        or|   0|  0|   2|           1|           1|
    |or_ln198_5_fu_2297_p2            |        or|   0|  0|   2|           1|           1|
    |or_ln198_6_fu_1224_p2            |        or|   0|  0|   2|           1|           1|
    |or_ln198_7_fu_1230_p2            |        or|   0|  0|   2|           1|           1|
    |or_ln198_8_fu_2364_p2            |        or|   0|  0|   2|           1|           1|
    |or_ln198_9_fu_2370_p2            |        or|   0|  0|   2|           1|           1|
    |or_ln198_fu_1048_p2              |        or|   0|  0|   2|           1|           1|
    |or_ln392_1_fu_2718_p2            |        or|   0|  0|   2|           1|           1|
    |or_ln392_fu_2686_p2              |        or|   0|  0|   2|           1|           1|
    |or_ln398_1_fu_2772_p2            |        or|   0|  0|   2|           1|           1|
    |or_ln398_fu_2745_p2              |        or|   0|  0|   2|           1|           1|
    |or_ln405_1_fu_2826_p2            |        or|   0|  0|   2|           1|           1|
    |or_ln405_fu_2799_p2              |        or|   0|  0|   2|           1|           1|
    |or_ln417_fu_2878_p2              |        or|   0|  0|   2|           1|           1|
    |out_valid_fu_2668_p2             |        or|   0|  0|   2|           1|           1|
    |avg_dark_high_2_fu_3265_p3       |    select|   0|  0|  32|           1|          32|
    |avg_dark_high_fu_3077_p3         |    select|   0|  0|  32|           1|          32|
    |avg_f0_2_fu_2975_p3              |    select|   0|  0|  32|           1|          32|
    |avg_f0_fu_2922_p3                |    select|   0|  0|  32|           1|          32|
    |avg_f1_2_fu_3236_p3              |    select|   0|  0|  32|           1|          32|
    |avg_f1_fu_3030_p3                |    select|   0|  0|  32|           1|          32|
    |avg_row_run_high_2_fu_3272_p3    |    select|   0|  0|  32|           1|          32|
    |avg_row_run_high_fu_3124_p3      |    select|   0|  0|  32|           1|          32|
    |c_ch_4_fu_2418_p3                |    select|   0|  0|   7|           1|           1|
    |c_ch_fu_2333_p3                  |    select|   0|  0|   7|           1|           1|
    |c_cw_4_fu_2407_p3                |    select|   0|  0|   8|           1|           1|
    |c_cw_fu_2322_p3                  |    select|   0|  0|   8|           1|           1|
    |c_cx0_4_fu_2393_p3               |    select|   0|  0|  32|           1|           1|
    |c_cx0_fu_2308_p3                 |    select|   0|  0|  32|           1|           1|
    |c_cy0_4_fu_2400_p3               |    select|   0|  0|  32|           1|           1|
    |c_cy0_fu_2315_p3                 |    select|   0|  0|  32|           1|           1|
    |debug_thresholds_2_fu_3287_p3    |    select|   0|  0|  32|           1|          32|
    |diff_dark_high_2_fu_3251_p3      |    select|   0|  0|  32|           1|          32|
    |diff_dark_high_fu_3179_p3        |    select|   0|  0|  32|           1|          32|
    |diff_f0_2_fu_2983_p3             |    select|   0|  0|  32|           1|          32|
    |diff_f0_fu_2950_p3               |    select|   0|  0|  32|           1|          32|
    |diff_f1_2_fu_3244_p3             |    select|   0|  0|  32|           1|          32|
    |diff_f1_fu_3151_p3               |    select|   0|  0|  32|           1|          32|
    |diff_row_run_high_2_fu_3258_p3   |    select|   0|  0|  32|           1|          32|
    |diff_row_run_high_fu_3229_p3     |    select|   0|  0|  32|           1|           1|
    |fallback_1_fu_772_p3             |    select|   0|  0|   7|           1|           6|
    |high_pct_fu_840_p3               |    select|   0|  0|   7|           1|           7|
    |ix0_1_fu_1852_p3                 |    select|   0|  0|  32|           1|          32|
    |ix0_2_fu_2034_p3                 |    select|   0|  0|  32|           1|          32|
    |ix0_3_fu_2086_p3                 |    select|   0|  0|  32|           1|           1|
    |ix0_fu_1904_p3                   |    select|   0|  0|  32|           1|           1|
    |ix1_1_fu_1861_p3                 |    select|   0|  0|  32|           1|          32|
    |ix1_2_fu_2043_p3                 |    select|   0|  0|  32|           1|          32|
    |ix1_3_fu_2117_p3                 |    select|   0|  0|  32|           1|          32|
    |ix1_fu_1935_p3                   |    select|   0|  0|  32|           1|          32|
    |iy0_1_fu_1870_p3                 |    select|   0|  0|  32|           1|          32|
    |iy0_2_fu_2052_p3                 |    select|   0|  0|  32|           1|          32|
    |iy0_3_fu_2144_p3                 |    select|   0|  0|  32|           1|           1|
    |iy0_fu_1962_p3                   |    select|   0|  0|  32|           1|           1|
    |iy1_1_fu_1879_p3                 |    select|   0|  0|  32|           1|          32|
    |iy1_2_fu_2061_p3                 |    select|   0|  0|  32|           1|          32|
    |iy1_3_fu_2175_p3                 |    select|   0|  0|  32|           1|          32|
    |iy1_fu_1993_p3                   |    select|   0|  0|  32|           1|          32|
    |low_pct_1_fu_732_p3              |    select|   0|  0|   6|           1|           6|
    |low_pct_fu_786_p3                |    select|   0|  0|   6|           1|           4|
    |rx0_1_fu_1094_p3                 |    select|   0|  0|  32|           1|           1|
    |rx0_fu_912_p3                    |    select|   0|  0|  32|           1|           1|
    |rx1_1_fu_1164_p3                 |    select|   0|  0|  32|           1|          32|
    |rx1_fu_988_p3                    |    select|   0|  0|  32|           1|          32|
    |ry0_1_fu_1124_p3                 |    select|   0|  0|  32|           1|           1|
    |ry0_fu_948_p3                    |    select|   0|  0|  32|           1|           1|
    |ry1_1_fu_1204_p3                 |    select|   0|  0|  32|           1|          32|
    |ry1_fu_1028_p3                   |    select|   0|  0|  32|           1|          32|
    |select_ln159_1_fu_794_p3         |    select|   0|  0|   7|           1|           6|
    |select_ln159_2_fu_808_p3         |    select|   0|  0|   7|           1|           7|
    |select_ln417_1_fu_2958_p3        |    select|   0|  0|  32|           1|           1|
    |select_ln417_2_fu_3222_p3        |    select|   0|  0|  32|           1|           1|
    |select_ln417_fu_3215_p3          |    select|   0|  0|  32|           1|           1|
    |select_ln418_1_fu_3023_p3        |    select|   0|  0|  32|           1|          32|
    |select_ln418_2_fu_3070_p3        |    select|   0|  0|  32|           1|          32|
    |select_ln418_3_fu_3117_p3        |    select|   0|  0|  32|           1|          32|
    |select_ln418_fu_2915_p3          |    select|   0|  0|  32|           1|          32|
    |select_ln419_1_fu_3016_p3        |    select|   0|  0|  32|           1|          32|
    |select_ln419_2_fu_3063_p3        |    select|   0|  0|  32|           1|          32|
    |select_ln419_3_fu_3110_p3        |    select|   0|  0|  32|           1|          32|
    |select_ln419_fu_2908_p3          |    select|   0|  0|  32|           1|          32|
    |select_ln486_fu_688_p3           |    select|   0|  0|  31|           1|          13|
    |select_ln84_10_fu_1156_p3        |    select|   0|  0|  32|           1|          32|
    |select_ln84_11_fu_1196_p3        |    select|   0|  0|  32|           1|          32|
    |select_ln84_12_fu_2078_p3        |    select|   0|  0|  32|           1|          32|
    |select_ln84_13_fu_2110_p3        |    select|   0|  0|  32|           1|          32|
    |select_ln84_14_fu_2136_p3        |    select|   0|  0|  32|           1|          32|
    |select_ln84_15_fu_2168_p3        |    select|   0|  0|  32|           1|          32|
    |select_ln84_1_fu_940_p3          |    select|   0|  0|  32|           1|          32|
    |select_ln84_2_fu_980_p3          |    select|   0|  0|  32|           1|          32|
    |select_ln84_3_fu_1020_p3         |    select|   0|  0|  32|           1|          32|
    |select_ln84_4_fu_1896_p3         |    select|   0|  0|  32|           1|          32|
    |select_ln84_5_fu_1928_p3         |    select|   0|  0|  32|           1|          32|
    |select_ln84_6_fu_1954_p3         |    select|   0|  0|  32|           1|          32|
    |select_ln84_7_fu_1986_p3         |    select|   0|  0|  32|           1|          32|
    |select_ln84_8_fu_1086_p3         |    select|   0|  0|  32|           1|          32|
    |select_ln84_9_fu_1116_p3         |    select|   0|  0|  32|           1|          32|
    |select_ln84_fu_904_p3            |    select|   0|  0|  32|           1|          32|
    |select_ln90_fu_3207_p3           |    select|   0|  0|  32|           1|          32|
    |select_ln95_11_fu_1785_p3        |    select|   0|  0|  26|           1|          26|
    |select_ln95_13_fu_1832_p3        |    select|   0|  0|  26|           1|          26|
    |select_ln95_1_fu_1503_p3         |    select|   0|  0|  26|           1|          26|
    |select_ln95_3_fu_1597_p3         |    select|   0|  0|  26|           1|          26|
    |select_ln95_5_fu_1644_p3         |    select|   0|  0|  26|           1|          26|
    |select_ln95_7_fu_1691_p3         |    select|   0|  0|  26|           1|          26|
    |select_ln95_9_fu_1738_p3         |    select|   0|  0|  26|           1|          26|
    |select_ln95_fu_1550_p3           |    select|   0|  0|  26|           1|          26|
    |c_valid_1_fu_2387_p2             |       xor|   0|  0|   2|           1|           2|
    |c_valid_fu_2302_p2               |       xor|   0|  0|   2|           1|           2|
    |xor_ln159_fu_822_p2              |       xor|   0|  0|   2|           2|           1|
    |xor_ln392_1_fu_2708_p2           |       xor|   0|  0|   2|           1|           2|
    |xor_ln392_fu_2674_p2             |       xor|   0|  0|   2|           1|           2|
    |xor_ln522_fu_2519_p2             |       xor|   0|  0|   2|           1|           2|
    |xor_ln523_fu_2537_p2             |       xor|   0|  0|   2|           1|           2|
    +---------------------------------+----------+----+---+----+------------+------------+
    |Total                            |          |   0|  0|9044|        4570|        5706|
    +---------------------------------+----------+----+---+----+------------+------------+

    * Multiplexer: 
    +-------------------------------+------+-----------+-----+-----------+
    |              Name             |  LUT | Input Size| Bits| Total Bits|
    +-------------------------------+------+-----------+-----+-----------+
    |ap_NS_fsm                      |  1632|        308|    1|        308|
    |dh_0_reg_426                   |     9|          2|   32|         64|
    |dh_1_reg_441                   |     9|          2|   32|         64|
    |f0_0_reg_372                   |     9|          2|   32|         64|
    |f0_1_reg_384                   |     9|          2|   32|         64|
    |f1_0_reg_396                   |     9|          2|   32|         64|
    |f1_1_reg_411                   |     9|          2|   32|         64|
    |grp_fu_570_p0                  |    48|          9|   32|        288|
    |grp_fu_574_p0                  |    25|          5|   32|        160|
    |grp_fu_574_p1                  |    14|          3|   32|         96|
    |hist0_1_address0               |    20|          4|    4|         16|
    |hist0_1_ce0                    |    20|          4|    1|          4|
    |hist0_1_d0                     |    14|          3|   16|         48|
    |hist0_1_we0                    |    14|          3|    1|          3|
    |hist0_2_address0               |    20|          4|    4|         16|
    |hist0_2_ce0                    |    20|          4|    1|          4|
    |hist0_2_d0                     |    14|          3|   16|         48|
    |hist0_2_we0                    |    14|          3|    1|          3|
    |hist0_3_address0               |    20|          4|    4|         16|
    |hist0_3_ce0                    |    20|          4|    1|          4|
    |hist0_3_d0                     |    14|          3|   16|         48|
    |hist0_3_we0                    |    14|          3|    1|          3|
    |hist0_address0                 |    20|          4|    4|         16|
    |hist0_ce0                      |    20|          4|    1|          4|
    |hist0_d0                       |    14|          3|   16|         48|
    |hist0_we0                      |    14|          3|    1|          3|
    |hist1_1_address0               |    20|          4|    4|         16|
    |hist1_1_ce0                    |    20|          4|    1|          4|
    |hist1_1_d0                     |    14|          3|   16|         48|
    |hist1_1_we0                    |    14|          3|    1|          3|
    |hist1_2_address0               |    20|          4|    4|         16|
    |hist1_2_ce0                    |    20|          4|    1|          4|
    |hist1_2_d0                     |    14|          3|   16|         48|
    |hist1_2_we0                    |    14|          3|    1|          3|
    |hist1_3_address0               |    20|          4|    4|         16|
    |hist1_3_ce0                    |    20|          4|    1|          4|
    |hist1_3_d0                     |    14|          3|   16|         48|
    |hist1_3_we0                    |    14|          3|    1|          3|
    |hist1_address0                 |    20|          4|    4|         16|
    |hist1_ce0                      |    20|          4|    1|          4|
    |hist1_d0                       |    14|          3|   16|         48|
    |hist1_we0                      |    14|          3|    1|          3|
    |in_stream_TREADY_int_regslice  |     9|          2|    1|          2|
    |out_stream_TDATA_blk_n         |     9|          2|    1|          2|
    |out_stream_TDATA_int_regslice  |    65|         12|   32|        384|
    |out_stream_TLAST_int_regslice  |    14|          3|    1|          3|
    |pix0_ce0                       |     9|          2|    1|          2|
    |pix0_ce1                       |     9|          2|    1|          2|
    |pix0_we1                       |     9|          2|    1|          2|
    |pix1_ce0                       |     9|          2|    1|          2|
    |pix1_ce1                       |     9|          2|    1|          2|
    |pix1_we1                       |     9|          2|    1|          2|
    |rrh_0_reg_456                  |     9|          2|   32|         64|
    |rrh_1_reg_468                  |     9|          2|   32|         64|
    |y_fu_220                       |     9|          2|   31|         62|
    +-------------------------------+------+-----------+-----+-----------+
    |Total                          |  2495|        486|  601|       2397|
    +-------------------------------+------+-----------+-----+-----------+

    * Register: 
    +--------------------------------------------------------+-----+----+-----+-----------+
    |                          Name                          |  FF | LUT| Bits| Const Bits|
    +--------------------------------------------------------+-----+----+-----+-----------+
    |add36_reg_3748                                          |   32|   0|   32|          0|
    |add_ln101_7_reg_4030                                    |   32|   0|   32|          0|
    |add_ln95_1_reg_3435                                     |   31|   0|   32|          1|
    |add_ln95_2_reg_3446                                     |   31|   0|   32|          1|
    |add_ln95_3_reg_3457                                     |   32|   0|   32|          0|
    |add_ln95_4_reg_3478                                     |   31|   0|   32|          1|
    |add_ln95_5_reg_3489                                     |   31|   0|   32|          1|
    |add_ln95_6_reg_3500                                     |   31|   0|   32|          1|
    |add_ln95_7_reg_3511                                     |   32|   0|   32|          0|
    |add_ln95_reg_3424                                       |   31|   0|   32|          1|
    |add_reg_3733                                            |   32|   0|   32|          0|
    |ap_CS_fsm                                               |  307|   0|  307|          0|
    |avg_dark_high_reg_4075                                  |   32|   0|   32|          0|
    |avg_row_run_high_reg_4080                               |   32|   0|   32|          0|
    |c_ch_4_reg_3716                                         |    7|   0|    7|          0|
    |c_ch_reg_3696                                           |    7|   0|    7|          0|
    |c_cw_4_reg_3711                                         |    8|   0|    8|          0|
    |c_cw_reg_3691                                           |    8|   0|    8|          0|
    |c_cx0_4_reg_3701                                        |   32|   0|   32|          0|
    |c_cx0_reg_3681                                          |   32|   0|   32|          0|
    |c_cy0_4_reg_3706                                        |   32|   0|   32|          0|
    |c_cy0_reg_3686                                          |   32|   0|   32|          0|
    |c_valid_2_reg_3727                                      |    1|   0|    1|          0|
    |c_valid_3_reg_3721                                      |    1|   0|    1|          0|
    |ch_1_reg_3655                                           |   32|   0|   32|          0|
    |ch_reg_3623                                             |   32|   0|   32|          0|
    |cmp6_i_reg_3753                                         |    1|   0|    1|          0|
    |cw_1_reg_3644                                           |   32|   0|   32|          0|
    |cw_reg_3612                                             |   32|   0|   32|          0|
    |debug_thresholds_2_reg_4115                             |   32|   0|   32|          0|
    |dh_0_reg_426                                            |   32|   0|   32|          0|
    |dh_1_reg_441                                            |   32|   0|   32|          0|
    |diff_dark_high_2_reg_4095                               |   32|   0|   32|          0|
    |diff_f0_2_reg_4070                                      |   32|   0|   32|          0|
    |diff_f1_2_reg_4090                                      |   32|   0|   32|          0|
    |diff_row_run_high_2_reg_4100                            |   32|   0|   32|          0|
    |ex0_1_reg_3738                                          |   32|   0|   32|          0|
    |ex1_1_reg_3743                                          |   32|   0|   32|          0|
    |eye0_cx0_reg_3634                                       |   32|   0|   32|          0|
    |eye0_cy0_1_reg_3639                                     |   32|   0|   32|          0|
    |eye1_cx0_reg_3666                                       |   32|   0|   32|          0|
    |eye1_cy0_1_reg_3671                                     |   32|   0|   32|          0|
    |f0_0_reg_372                                            |   32|   0|   32|          0|
    |f0_1_reg_384                                            |   32|   0|   32|          0|
    |f1_0_reg_396                                            |   32|   0|   32|          0|
    |f1_1_reg_411                                            |   32|   0|   32|          0|
    |frame_height_read_reg_3316                              |   32|   0|   32|          0|
    |frame_width_read_reg_3323                               |   32|   0|   32|          0|
    |grp_compute_robust_stats_fu_540_ap_start_reg            |    1|   0|    1|          0|
    |grp_compute_robust_stats_fu_555_ap_start_reg            |    1|   0|    1|          0|
    |grp_eye_feature_Pipeline_FRAME_X_fu_499_ap_start_reg    |    1|   0|    1|          0|
    |grp_eye_feature_Pipeline_INIT_HIST_fu_479_ap_start_reg  |    1|   0|    1|          0|
    |high_pct_reg_3341                                       |    7|   0|    7|          0|
    |icmp_ln100_1_reg_3990                                   |    1|   0|    1|          0|
    |icmp_ln100_2_reg_4003                                   |    1|   0|    1|          0|
    |icmp_ln100_3_reg_4016                                   |    1|   0|    1|          0|
    |icmp_ln100_reg_3977                                     |    1|   0|    1|          0|
    |icmp_ln492_reg_3347                                     |    1|   0|    1|          0|
    |icmp_ln522_1_reg_3789                                   |    1|   0|    1|          0|
    |icmp_ln523_1_reg_3799                                   |    1|   0|    1|          0|
    |icmp_ln83_10_reg_3527                                   |    1|   0|    1|          0|
    |icmp_ln83_2_reg_3468                                    |    1|   0|    1|          0|
    |icmp_ln83_4_reg_3473                                    |    1|   0|    1|          0|
    |icmp_ln83_8_reg_3522                                    |    1|   0|    1|          0|
    |low_pct_reg_3335                                        |    6|   0|    6|          0|
    |or_ln198_1_reg_3383                                     |    1|   0|    1|          0|
    |or_ln198_7_reg_3419                                     |    1|   0|    1|          0|
    |or_ln392_1_reg_3962                                     |    1|   0|    1|          0|
    |or_ln392_reg_3946                                       |    1|   0|    1|          0|
    |or_ln398_1_reg_3986                                     |    1|   0|    1|          0|
    |or_ln398_reg_3973                                       |    1|   0|    1|          0|
    |or_ln405_1_reg_4012                                     |    1|   0|    1|          0|
    |or_ln405_reg_3999                                       |    1|   0|    1|          0|
    |or_ln417_reg_4040                                       |    1|   0|    1|          0|
    |out_valid_reg_3927                                      |    1|   0|    1|          0|
    |pixel_format_read_reg_3310                              |   32|   0|   32|          0|
    |reg_652                                                 |   32|   0|   32|          0|
    |reg_656                                                 |   32|   0|   32|          0|
    |rh_1_reg_3409                                           |   32|   0|   32|          0|
    |rh_reg_3373                                             |   32|   0|   32|          0|
    |roi_version_read_reg_3305                               |   32|   0|   32|          0|
    |rrh_0_reg_456                                           |   32|   0|   32|          0|
    |rrh_1_reg_468                                           |   32|   0|   32|          0|
    |rw_1_reg_3398                                           |   32|   0|   32|          0|
    |rw_reg_3362                                             |   32|   0|   32|          0|
    |rx0_1_reg_3388                                          |   32|   0|   32|          0|
    |rx0_reg_3352                                            |   32|   0|   32|          0|
    |ry0_1_reg_3393                                          |   32|   0|   32|          0|
    |ry0_reg_3357                                            |   32|   0|   32|          0|
    |select_ln486_reg_3330                                   |   31|   0|   31|          0|
    |st0_ch_reg_3822                                         |   32|   0|   32|          0|
    |st0_cw_reg_3830                                         |   32|   0|   32|          0|
    |st0_dark_count_high_reg_3847                            |   32|   0|   32|          0|
    |st0_row_run_high_reg_3852                               |   32|   0|   32|          0|
    |st0_t_high_reg_3862                                     |   32|   0|   32|          0|
    |st0_topk_k_reg_3841                                     |   32|   0|   32|          0|
    |st0_topk_sum_high_reg_3836                              |   32|   0|   32|          0|
    |st0_valid_reg_3814                                      |    1|   0|    1|          0|
    |st1_ch_reg_3876                                         |   32|   0|   32|          0|
    |st1_cw_reg_3885                                         |   32|   0|   32|          0|
    |st1_dark_count_high_reg_3907                            |   32|   0|   32|          0|
    |st1_max_run_low_reg_3891                                |   32|   0|   32|          0|
    |st1_row_run_high_reg_3912                               |   32|   0|   32|          0|
    |st1_t_high_reg_3922                                     |   32|   0|   32|          0|
    |st1_t_low_reg_3917                                      |   32|   0|   32|          0|
    |st1_topk_k_reg_3901                                     |   32|   0|   32|          0|
    |st1_topk_sum_high_reg_3896                              |   32|   0|   32|          0|
    |st1_valid_reg_3867                                      |    1|   0|    1|          0|
    |sub_ln95_11_reg_3587                                    |   32|   0|   32|          0|
    |sub_ln95_13_reg_3597                                    |   32|   0|   32|          0|
    |sub_ln95_15_reg_3607                                    |   32|   0|   32|          0|
    |sub_ln95_1_reg_3537                                     |   32|   0|   32|          0|
    |sub_ln95_3_reg_3547                                     |   32|   0|   32|          0|
    |sub_ln95_5_reg_3557                                     |   32|   0|   32|          0|
    |sub_ln95_7_reg_3567                                     |   32|   0|   32|          0|
    |sub_ln95_9_reg_3577                                     |   32|   0|   32|          0|
    |tmp_10_reg_3532                                         |   26|   0|   26|          0|
    |tmp_12_reg_3440                                         |    1|   0|    1|          0|
    |tmp_14_reg_3542                                         |   26|   0|   26|          0|
    |tmp_16_reg_3451                                         |    1|   0|    1|          0|
    |tmp_19_reg_3552                                         |   26|   0|   26|          0|
    |tmp_20_reg_3462                                         |    1|   0|    1|          0|
    |tmp_23_reg_3562                                         |   26|   0|   26|          0|
    |tmp_27_reg_3483                                         |    1|   0|    1|          0|
    |tmp_2_reg_3809                                          |    6|   0|   13|          7|
    |tmp_30_reg_3572                                         |   26|   0|   26|          0|
    |tmp_34_reg_3494                                         |    1|   0|    1|          0|
    |tmp_36_reg_3582                                         |   26|   0|   26|          0|
    |tmp_37_reg_3505                                         |    1|   0|    1|          0|
    |tmp_39_reg_3592                                         |   26|   0|   26|          0|
    |tmp_40_reg_3516                                         |    1|   0|    1|          0|
    |tmp_42_reg_3602                                         |   26|   0|   26|          0|
    |tmp_8_reg_3429                                          |    1|   0|    1|          0|
    |tmp_s_reg_3804                                          |    6|   0|   13|          7|
    |trunc_ln196_1_reg_3650                                  |    8|   0|    8|          0|
    |trunc_ln196_reg_3618                                    |    8|   0|    8|          0|
    |trunc_ln197_1_reg_3661                                  |    7|   0|    7|          0|
    |trunc_ln197_reg_3629                                    |    7|   0|    7|          0|
    |trunc_ln431_reg_4050                                    |    8|   0|    8|          0|
    |trunc_ln432_1_reg_4060                                  |    8|   0|    8|          0|
    |trunc_ln432_reg_4055                                    |    8|   0|    8|          0|
    |trunc_ln520_1_reg_3763                                  |   13|   0|   13|          0|
    |trunc_ln520_2_reg_3768                                  |    6|   0|    6|          0|
    |trunc_ln520_3_reg_3773                                  |    6|   0|    6|          0|
    |trunc_ln520_reg_3758                                    |   13|   0|   13|          0|
    |trunc_ln553_reg_3857                                    |    8|   0|    8|          0|
    |xor_ln392_1_reg_3957                                    |    1|   0|    1|          0|
    |xor_ln392_reg_3941                                      |    1|   0|    1|          0|
    |xor_ln522_reg_3784                                      |    1|   0|    1|          0|
    |xor_ln523_reg_3794                                      |    1|   0|    1|          0|
    |y_fu_220                                                |   31|   0|   31|          0|
    |zext_ln462_reg_3676                                     |   31|   0|   32|          1|
    +--------------------------------------------------------+-----+----+-----+-----------+
    |Total                                                   | 3295|   0| 3316|         21|
    +--------------------------------------------------------+-----+----+-----+-----------+



================================================================
== Interface
================================================================
* Summary: 
+--------------------+-----+-----+------------+---------------------+--------------+
|      RTL Ports     | Dir | Bits|  Protocol  |    Source Object    |    C Type    |
+--------------------+-----+-----+------------+---------------------+--------------+
|s_axi_CTRL_AWVALID  |   in|    1|       s_axi|                 CTRL|        scalar|
|s_axi_CTRL_AWREADY  |  out|    1|       s_axi|                 CTRL|        scalar|
|s_axi_CTRL_AWADDR   |   in|    8|       s_axi|                 CTRL|        scalar|
|s_axi_CTRL_WVALID   |   in|    1|       s_axi|                 CTRL|        scalar|
|s_axi_CTRL_WREADY   |  out|    1|       s_axi|                 CTRL|        scalar|
|s_axi_CTRL_WDATA    |   in|   32|       s_axi|                 CTRL|        scalar|
|s_axi_CTRL_WSTRB    |   in|    4|       s_axi|                 CTRL|        scalar|
|s_axi_CTRL_ARVALID  |   in|    1|       s_axi|                 CTRL|        scalar|
|s_axi_CTRL_ARREADY  |  out|    1|       s_axi|                 CTRL|        scalar|
|s_axi_CTRL_ARADDR   |   in|    8|       s_axi|                 CTRL|        scalar|
|s_axi_CTRL_RVALID   |  out|    1|       s_axi|                 CTRL|        scalar|
|s_axi_CTRL_RREADY   |   in|    1|       s_axi|                 CTRL|        scalar|
|s_axi_CTRL_RDATA    |  out|   32|       s_axi|                 CTRL|        scalar|
|s_axi_CTRL_RRESP    |  out|    2|       s_axi|                 CTRL|        scalar|
|s_axi_CTRL_BVALID   |  out|    1|       s_axi|                 CTRL|        scalar|
|s_axi_CTRL_BREADY   |   in|    1|       s_axi|                 CTRL|        scalar|
|s_axi_CTRL_BRESP    |  out|    2|       s_axi|                 CTRL|        scalar|
|ap_clk              |   in|    1|  ap_ctrl_hs|          eye_feature|  return value|
|ap_rst_n            |   in|    1|  ap_ctrl_hs|          eye_feature|  return value|
|interrupt           |  out|    1|  ap_ctrl_hs|          eye_feature|  return value|
|in_stream_TDATA     |   in|   32|        axis|   in_stream_V_data_V|       pointer|
|in_stream_TVALID    |   in|    1|        axis|   in_stream_V_last_V|       pointer|
|in_stream_TREADY    |  out|    1|        axis|   in_stream_V_last_V|       pointer|
|in_stream_TLAST     |   in|    1|        axis|   in_stream_V_last_V|       pointer|
|in_stream_TKEEP     |   in|    4|        axis|   in_stream_V_keep_V|       pointer|
|in_stream_TSTRB     |   in|    4|        axis|   in_stream_V_strb_V|       pointer|
|out_stream_TDATA    |  out|   32|        axis|  out_stream_V_data_V|       pointer|
|out_stream_TVALID   |  out|    1|        axis|  out_stream_V_last_V|       pointer|
|out_stream_TREADY   |   in|    1|        axis|  out_stream_V_last_V|       pointer|
|out_stream_TLAST    |  out|    1|        axis|  out_stream_V_last_V|       pointer|
|out_stream_TKEEP    |  out|    4|        axis|  out_stream_V_keep_V|       pointer|
|out_stream_TSTRB    |  out|    4|        axis|  out_stream_V_strb_V|       pointer|
+--------------------+-----+-----+------------+---------------------+--------------+

