

================================================================
== Vitis HLS Report for 'percentile_threshold'
================================================================
* Date:           Wed Jun 10 14:09:01 2026

* Version:        2023.2 (Build 4023990 on Oct 11 2023)
* Project:        eyefeature_robust8
* Solution:       solution1 (Vivado IP Flow Target)
* Product family: zynq
* Target device:  xc7z020-clg400-1


================================================================
== Performance Estimates
================================================================
+ Timing: 
    * Summary: 
    +--------+----------+-----------+------------+
    |  Clock |  Target  | Estimated | Uncertainty|
    +--------+----------+-----------+------------+
    |ap_clk  |  20.00 ns|  12.517 ns|     5.40 ns|
    +--------+----------+-----------+------------+

+ Latency: 
    * Summary: 
    +---------+---------+----------+----------+-----+-----+---------+
    |  Latency (cycles) |  Latency (absolute) |  Interval | Pipeline|
    |   min   |   max   |    min   |    max   | min | max |   Type  |
    +---------+---------+----------+----------+-----+-----+---------+
    |       72|       72|  1.440 us|  1.440 us|   72|   72|       no|
    +---------+---------+----------+----------+-----+-----+---------+

    + Detail: 
        * Instance: 
        +--------------------------------------------------+----------------------------------------+---------+---------+----------+----------+-----+-----+---------+
        |                                                  |                                        |  Latency (cycles) |  Latency (absolute) |  Interval | Pipeline|
        |                     Instance                     |                 Module                 |   min   |   max   |    min   |    max   | min | max |   Type  |
        +--------------------------------------------------+----------------------------------------+---------+---------+----------+----------+-----+-----+---------+
        |grp_percentile_threshold_Pipeline_FIND_BIN_fu_88  |percentile_threshold_Pipeline_FIND_BIN  |       67|       67|  1.340 us|  1.340 us|   67|   67|       no|
        +--------------------------------------------------+----------------------------------------+---------+---------+----------+----------+-----+-----+---------+

        * Loop: 
        N/A



================================================================
== Utilization Estimates
================================================================
* Summary: 
+-----------------+---------+-----+--------+-------+-----+
|       Name      | BRAM_18K| DSP |   FF   |  LUT  | URAM|
+-----------------+---------+-----+--------+-------+-----+
|DSP              |        -|    1|       -|      -|    -|
|Expression       |        -|    -|       0|    109|    -|
|FIFO             |        -|    -|       -|      -|    -|
|Instance         |        -|    2|      97|    318|    -|
|Memory           |        -|    -|       -|      -|    -|
|Multiplexer      |        -|    -|       -|     60|    -|
|Register         |        -|    -|      58|      -|    -|
+-----------------+---------+-----+--------+-------+-----+
|Total            |        0|    3|     155|    487|    0|
+-----------------+---------+-----+--------+-------+-----+
|Available        |      280|  220|  106400|  53200|    0|
+-----------------+---------+-----+--------+-------+-----+
|Utilization (%)  |        0|    1|      ~0|     ~0|    0|
+-----------------+---------+-----+--------+-------+-----+

+ Detail: 
    * Instance: 
    +--------------------------------------------------+----------------------------------------+---------+----+----+-----+-----+
    |                     Instance                     |                 Module                 | BRAM_18K| DSP| FF | LUT | URAM|
    +--------------------------------------------------+----------------------------------------+---------+----+----+-----+-----+
    |mul_20ns_22ns_41_1_1_U61                          |mul_20ns_22ns_41_1_1                    |        0|   2|   0|   24|    0|
    |grp_percentile_threshold_Pipeline_FIND_BIN_fu_88  |percentile_threshold_Pipeline_FIND_BIN  |        0|   0|  97|  294|    0|
    +--------------------------------------------------+----------------------------------------+---------+----+----+-----+-----+
    |Total                                             |                                        |        0|   2|  97|  318|    0|
    +--------------------------------------------------+----------------------------------------+---------+----+----+-----+-----+

    * DSP: 
    +------------------------------------+--------------------------------+--------------+
    |              Instance              |             Module             |  Expression  |
    +------------------------------------+--------------------------------+--------------+
    |mac_muladd_7ns_14ns_6ns_20_4_1_U62  |mac_muladd_7ns_14ns_6ns_20_4_1  |  i0 * i1 + i2|
    +------------------------------------+--------------------------------+--------------+

    * Memory: 
    N/A

    * FIFO: 
    N/A

    * Expression: 
    +-----------------------+----------+----+---+----+------------+------------+
    |     Variable Name     | Operation| DSP| FF| LUT| Bitwidth P0| Bitwidth P1|
    +-----------------------+----------+----+---+----+------------+------------+
    |icmp_ln212_fu_139_p2   |      icmp|   0|  0|  17|          14|           1|
    |icmp_ln84_fu_207_p2    |      icmp|   0|  0|  31|          24|           1|
    |or_ln229_1_fu_183_p2   |        or|   0|  0|   8|           8|           2|
    |t_fu_177_p2            |        or|   0|  0|  32|          32|           2|
    |select_ln84_fu_213_p3  |    select|   0|  0|   8|           1|           2|
    |target_fu_145_p3       |    select|   0|  0|  13|           1|           1|
    +-----------------------+----------+----+---+----+------------+------------+
    |Total                  |          |   0|  0| 109|          80|           9|
    +-----------------------+----------+----+---+----+------------+------------+

    * Multiplexer: 
    +----------------------------------+----+-----------+-----+-----------+
    |               Name               | LUT| Input Size| Bits| Total Bits|
    +----------------------------------+----+-----------+-----+-----------+
    |ap_NS_fsm                         |  37|          7|    1|          7|
    |ap_phi_mux_retval_0_phi_fu_81_p4  |  14|          3|    8|         24|
    |ap_return                         |   9|          2|    8|         16|
    +----------------------------------+----+-----------+-----+-----------+
    |Total                             |  60|         12|   17|         47|
    +----------------------------------+----+-----------+-----+-----------+

    * Register: 
    +---------------------------------------------------------------+----+----+-----+-----------+
    |                              Name                             | FF | LUT| Bits| Const Bits|
    +---------------------------------------------------------------+----+----+-----+-----------+
    |ap_CS_fsm                                                      |   6|   0|    6|          0|
    |ap_return_preg                                                 |   8|   0|    8|          0|
    |grp_percentile_threshold_Pipeline_FIND_BIN_fu_88_ap_start_reg  |   1|   0|    1|          0|
    |selected_loc_fu_62                                             |  30|   0|   30|          0|
    |target_reg_247                                                 |  13|   0|   13|          0|
    +---------------------------------------------------------------+----+----+-----+-----------+
    |Total                                                          |  58|   0|   58|          0|
    +---------------------------------------------------------------+----+----+-----+-----------+



================================================================
== Interface
================================================================
* Summary: 
+-----------------+-----+-----+------------+----------------------+--------------+
|    RTL Ports    | Dir | Bits|  Protocol  |     Source Object    |    C Type    |
+-----------------+-----+-----+------------+----------------------+--------------+
|ap_clk           |   in|    1|  ap_ctrl_hs|  percentile_threshold|  return value|
|ap_rst           |   in|    1|  ap_ctrl_hs|  percentile_threshold|  return value|
|ap_start         |   in|    1|  ap_ctrl_hs|  percentile_threshold|  return value|
|ap_done          |  out|    1|  ap_ctrl_hs|  percentile_threshold|  return value|
|ap_idle          |  out|    1|  ap_ctrl_hs|  percentile_threshold|  return value|
|ap_ready         |  out|    1|  ap_ctrl_hs|  percentile_threshold|  return value|
|ap_return        |  out|    8|  ap_ctrl_hs|  percentile_threshold|  return value|
|hist_0_address0  |  out|    4|   ap_memory|                hist_0|         array|
|hist_0_ce0       |  out|    1|   ap_memory|                hist_0|         array|
|hist_0_q0        |   in|   16|   ap_memory|                hist_0|         array|
|hist_1_address0  |  out|    4|   ap_memory|                hist_1|         array|
|hist_1_ce0       |  out|    1|   ap_memory|                hist_1|         array|
|hist_1_q0        |   in|   16|   ap_memory|                hist_1|         array|
|hist_2_address0  |  out|    4|   ap_memory|                hist_2|         array|
|hist_2_ce0       |  out|    1|   ap_memory|                hist_2|         array|
|hist_2_q0        |   in|   16|   ap_memory|                hist_2|         array|
|hist_3_address0  |  out|    4|   ap_memory|                hist_3|         array|
|hist_3_ce0       |  out|    1|   ap_memory|                hist_3|         array|
|hist_3_q0        |   in|   16|   ap_memory|                hist_3|         array|
|count            |   in|   14|     ap_none|                 count|        scalar|
|percent          |   in|    7|     ap_none|               percent|        scalar|
+-----------------+-----+-----+------------+----------------------+--------------+

