

================================================================
== Vitis HLS Report for 'percentile_threshold_Pipeline_FIND_BIN'
================================================================
* Date:           Wed Jun 10 14:09:01 2026

* Version:        2023.2 (Build 4023990 on Oct 11 2023)
* Project:        eyefeature_robust8
* Solution:       solution1 (Vivado IP Flow Target)
* Product family: zynq
* Target device:  xc7z020-clg400-1


================================================================
== Performance Estimates
================================================================
+ Timing: 
    * Summary: 
    +--------+----------+-----------+------------+
    |  Clock |  Target  | Estimated | Uncertainty|
    +--------+----------+-----------+------------+
    |ap_clk  |  20.00 ns|  12.517 ns|     5.40 ns|
    +--------+----------+-----------+------------+

+ Latency: 
    * Summary: 
    +---------+---------+----------+----------+-----+-----+---------+
    |  Latency (cycles) |  Latency (absolute) |  Interval | Pipeline|
    |   min   |   max   |    min   |    max   | min | max |   Type  |
    +---------+---------+----------+----------+-----+-----+---------+
    |       67|       67|  1.340 us|  1.340 us|   67|   67|       no|
    +---------+---------+----------+----------+-----+-----+---------+

    + Detail: 
        * Instance: 
        N/A

        * Loop: 
        +------------+---------+---------+----------+-----------+-----------+------+----------+
        |            |  Latency (cycles) | Iteration|  Initiation Interval  | Trip |          |
        |  Loop Name |   min   |   max   |  Latency |  achieved |   target  | Count| Pipelined|
        +------------+---------+---------+----------+-----------+-----------+------+----------+
        |- FIND_BIN  |       65|       65|         2|          1|          1|    64|       yes|
        +------------+---------+---------+----------+-----------+-----------+------+----------+



================================================================
== Utilization Estimates
================================================================
* Summary: 
+-----------------+---------+-----+--------+-------+-----+
|       Name      | BRAM_18K| DSP |   FF   |  LUT  | URAM|
+-----------------+---------+-----+--------+-------+-----+
|DSP              |        -|    -|       -|      -|    -|
|Expression       |        -|    -|       0|    211|    -|
|FIFO             |        -|    -|       -|      -|    -|
|Instance         |        -|    -|       0|     20|    -|
|Memory           |        -|    -|       -|      -|    -|
|Multiplexer      |        -|    -|       -|     63|    -|
|Register         |        -|    -|      97|      -|    -|
+-----------------+---------+-----+--------+-------+-----+
|Total            |        0|    0|      97|    294|    0|
+-----------------+---------+-----+--------+-------+-----+
|Available        |      280|  220|  106400|  53200|    0|
+-----------------+---------+-----+--------+-------+-----+
|Utilization (%)  |        0|    0|      ~0|     ~0|    0|
+-----------------+---------+-----+--------+-------+-----+

+ Detail: 
    * Instance: 
    +--------------------------+----------------------+---------+----+---+----+-----+
    |         Instance         |        Module        | BRAM_18K| DSP| FF| LUT| URAM|
    +--------------------------+----------------------+---------+----+---+----+-----+
    |sparsemux_9_2_16_1_1_U54  |sparsemux_9_2_16_1_1  |        0|   0|  0|  20|    0|
    +--------------------------+----------------------+---------+----+---+----+-----+
    |Total                     |                      |        0|   0|  0|  20|    0|
    +--------------------------+----------------------+---------+----+---+----+-----+

    * DSP: 
    N/A

    * Memory: 
    N/A

    * FIFO: 
    N/A

    * Expression: 
    +------------------------+----------+----+---+----+------------+------------+
    |      Variable Name     | Operation| DSP| FF| LUT| Bitwidth P0| Bitwidth P1|
    +------------------------+----------+----+---+----+------------+------------+
    |add_ln219_fu_180_p2     |         +|   0|  0|  14|           7|           1|
    |cumulative_2_fu_254_p2  |         +|   0|  0|  39|          32|          32|
    |ap_condition_257        |       and|   0|  0|   2|           1|           1|
    |icmp_ln219_fu_174_p2    |      icmp|   0|  0|  15|           7|           8|
    |icmp_ln223_fu_260_p2    |      icmp|   0|  0|  39|          32|          32|
    |found_2_fu_299_p2       |        or|   0|  0|   2|           1|           1|
    |cumulative_1_fu_291_p3  |    select|   0|  0|  32|           1|          32|
    |selected_2_fu_283_p3    |    select|   0|  0|  32|           1|          32|
    |selected_4_fu_275_p3    |    select|   0|  0|  32|           1|          32|
    |ap_enable_pp0           |       xor|   0|  0|   2|           1|           2|
    |found_1_fu_265_p2       |       xor|   0|  0|   2|           1|           2|
    +------------------------+----------+----+---+----+------------+------------+
    |Total                   |          |   0|  0| 211|          85|         175|
    +------------------------+----------+----+---+----+------------+------------+

    * Multiplexer: 
    +----------------------------------+----+-----------+-----+-----------+
    |               Name               | LUT| Input Size| Bits| Total Bits|
    +----------------------------------+----+-----------+-----+-----------+
    |ap_done_int                       |   9|          2|    1|          2|
    |ap_loop_exit_ready_pp0_iter1_reg  |   9|          2|    1|          2|
    |ap_sig_allocacmp_i_2              |   9|          2|    7|         14|
    |cumulative_fu_68                  |   9|          2|   32|         64|
    |found_reg_141                     |   9|          2|    1|          2|
    |i_fu_72                           |   9|          2|    7|         14|
    |selected_fu_64                    |   9|          2|   32|         64|
    +----------------------------------+----+-----------+-----+-----------+
    |Total                             |  63|         14|   81|        162|
    +----------------------------------+----+-----------+-----+-----------+

    * Register: 
    +----------------------------------+----+----+-----+-----------+
    |               Name               | FF | LUT| Bits| Const Bits|
    +----------------------------------+----+----+-----+-----------+
    |ap_CS_fsm                         |   1|   0|    1|          0|
    |ap_done_reg                       |   1|   0|    1|          0|
    |ap_enable_reg_pp0_iter1           |   1|   0|    1|          0|
    |ap_loop_exit_ready_pp0_iter1_reg  |   1|   0|    1|          0|
    |cumulative_fu_68                  |  32|   0|   32|          0|
    |found_reg_141                     |   1|   0|    1|          0|
    |i_2_reg_341                       |   7|   0|    7|          0|
    |i_fu_72                           |   7|   0|    7|          0|
    |icmp_ln219_reg_347                |   1|   0|    1|          0|
    |selected_fu_64                    |  32|   0|   32|          0|
    |zext_ln211_cast_reg_336           |  13|   0|   32|         19|
    +----------------------------------+----+----+-----+-----------+
    |Total                             |  97|   0|  116|         19|
    +----------------------------------+----+----+-----+-----------+



================================================================
== Interface
================================================================
* Summary: 
+---------------------+-----+-----+------------+----------------------------------------+--------------+
|      RTL Ports      | Dir | Bits|  Protocol  |              Source Object             |    C Type    |
+---------------------+-----+-----+------------+----------------------------------------+--------------+
|ap_clk               |   in|    1|  ap_ctrl_hs|  percentile_threshold_Pipeline_FIND_BIN|  return value|
|ap_rst               |   in|    1|  ap_ctrl_hs|  percentile_threshold_Pipeline_FIND_BIN|  return value|
|ap_start             |   in|    1|  ap_ctrl_hs|  percentile_threshold_Pipeline_FIND_BIN|  return value|
|ap_done              |  out|    1|  ap_ctrl_hs|  percentile_threshold_Pipeline_FIND_BIN|  return value|
|ap_idle              |  out|    1|  ap_ctrl_hs|  percentile_threshold_Pipeline_FIND_BIN|  return value|
|ap_ready             |  out|    1|  ap_ctrl_hs|  percentile_threshold_Pipeline_FIND_BIN|  return value|
|hist_0_address0      |  out|    4|   ap_memory|                                  hist_0|         array|
|hist_0_ce0           |  out|    1|   ap_memory|                                  hist_0|         array|
|hist_0_q0            |   in|   16|   ap_memory|                                  hist_0|         array|
|hist_1_address0      |  out|    4|   ap_memory|                                  hist_1|         array|
|hist_1_ce0           |  out|    1|   ap_memory|                                  hist_1|         array|
|hist_1_q0            |   in|   16|   ap_memory|                                  hist_1|         array|
|hist_2_address0      |  out|    4|   ap_memory|                                  hist_2|         array|
|hist_2_ce0           |  out|    1|   ap_memory|                                  hist_2|         array|
|hist_2_q0            |   in|   16|   ap_memory|                                  hist_2|         array|
|hist_3_address0      |  out|    4|   ap_memory|                                  hist_3|         array|
|hist_3_ce0           |  out|    1|   ap_memory|                                  hist_3|         array|
|hist_3_q0            |   in|   16|   ap_memory|                                  hist_3|         array|
|zext_ln211           |   in|   13|     ap_none|                              zext_ln211|        scalar|
|selected_out         |  out|   30|      ap_vld|                            selected_out|       pointer|
|selected_out_ap_vld  |  out|    1|      ap_vld|                            selected_out|       pointer|
+---------------------+-----+-----+------------+----------------------------------------+--------------+

