

================================================================
== Vitis HLS Report for 'topk_sum_hist_Pipeline_BUILD_HIST'
================================================================
* Date:           Wed Jun 10 14:09:02 2026

* Version:        2023.2 (Build 4023990 on Oct 11 2023)
* Project:        eyefeature_robust8
* Solution:       solution1 (Vivado IP Flow Target)
* Product family: zynq
* Target device:  xc7z020-clg400-1


================================================================
== Performance Estimates
================================================================
+ Timing: 
    * Summary: 
    +--------+----------+----------+------------+
    |  Clock |  Target  | Estimated| Uncertainty|
    +--------+----------+----------+------------+
    |ap_clk  |  20.00 ns|  9.541 ns|     5.40 ns|
    +--------+----------+----------+------------+

+ Latency: 
    * Summary: 
    +---------+---------+----------+----------+-----+-----+---------+
    |  Latency (cycles) |  Latency (absolute) |  Interval | Pipeline|
    |   min   |   max   |    min   |    max   | min | max |   Type  |
    +---------+---------+----------+----------+-----+-----+---------+
    |      258|      258|  5.160 us|  5.160 us|  258|  258|       no|
    +---------+---------+----------+----------+-----+-----+---------+

    + Detail: 
        * Instance: 
        N/A

        * Loop: 
        +--------------+---------+---------+----------+-----------+-----------+------+----------+
        |              |  Latency (cycles) | Iteration|  Initiation Interval  | Trip |          |
        |   Loop Name  |   min   |   max   |  Latency |  achieved |   target  | Count| Pipelined|
        +--------------+---------+---------+----------+-----------+-----------+------+----------+
        |- BUILD_HIST  |      256|      256|         3|          2|          1|   128|       yes|
        +--------------+---------+---------+----------+-----------+-----------+------+----------+



================================================================
== Utilization Estimates
================================================================
* Summary: 
+-----------------+---------+-----+--------+-------+-----+
|       Name      | BRAM_18K| DSP |   FF   |  LUT  | URAM|
+-----------------+---------+-----+--------+-------+-----+
|DSP              |        -|    -|       -|      -|    -|
|Expression       |        -|    -|       0|     99|    -|
|FIFO             |        -|    -|       -|      -|    -|
|Instance         |        -|    -|       0|     40|    -|
|Memory           |        -|    -|       -|      -|    -|
|Multiplexer      |        -|    -|       -|    124|    -|
|Register         |        -|    -|      46|      -|    -|
+-----------------+---------+-----+--------+-------+-----+
|Total            |        0|    0|      46|    263|    0|
+-----------------+---------+-----+--------+-------+-----+
|Available        |      280|  220|  106400|  53200|    0|
+-----------------+---------+-----+--------+-------+-----+
|Utilization (%)  |        0|    0|      ~0|     ~0|    0|
+-----------------+---------+-----+--------+-------+-----+

+ Detail: 
    * Instance: 
    +---------------------------+----------------------+---------+----+---+----+-----+
    |          Instance         |        Module        | BRAM_18K| DSP| FF| LUT| URAM|
    +---------------------------+----------------------+---------+----+---+----+-----+
    |sparsemux_9_2_16_1_1_U127  |sparsemux_9_2_16_1_1  |        0|   0|  0|  20|    0|
    |sparsemux_9_2_16_1_1_U128  |sparsemux_9_2_16_1_1  |        0|   0|  0|  20|    0|
    +---------------------------+----------------------+---------+----+---+----+-----+
    |Total                      |                      |        0|   0|  0|  40|    0|
    +---------------------------+----------------------+---------+----+---+----+-----+

    * DSP: 
    N/A

    * Memory: 
    N/A

    * FIFO: 
    N/A

    * Expression: 
    +----------------------+----------+----+---+----+------------+------------+
    |     Variable Name    | Operation| DSP| FF| LUT| Bitwidth P0| Bitwidth P1|
    +----------------------+----------+----+---+----+------------+------------+
    |add_ln245_fu_216_p2   |         +|   0|  0|  15|           8|           1|
    |add_ln251_fu_339_p2   |         +|   0|  0|  23|          16|           1|
    |icmp_ln245_fu_210_p2  |      icmp|   0|  0|  14|           8|           9|
    |icmp_ln247_fu_244_p2  |      icmp|   0|  0|  15|           8|           8|
    |icmp_ln250_fu_282_p2  |      icmp|   0|  0|  23|          16|          16|
    |r_1_fu_287_p3         |    select|   0|  0|   7|           1|           7|
    |ap_enable_pp0         |       xor|   0|  0|   2|           1|           2|
    +----------------------+----------+----+---+----+------------+------------+
    |Total                 |          |   0|  0|  99|          58|          44|
    +----------------------+----------+----+---+----+------------+------------+

    * Multiplexer: 
    +-----------------------------+----+-----------+-----+-----------+
    |             Name            | LUT| Input Size| Bits| Total Bits|
    +-----------------------------+----+-----------+-----+-----------+
    |ap_NS_fsm                    |  14|          3|    1|          3|
    |ap_done_int                  |   9|          2|    1|          2|
    |ap_enable_reg_pp0_iter0      |   9|          2|    1|          2|
    |ap_enable_reg_pp0_iter0_reg  |   9|          2|    1|          2|
    |ap_enable_reg_pp0_iter1      |   9|          2|    1|          2|
    |ap_sig_allocacmp_x_1         |   9|          2|    8|         16|
    |hist_1_address0              |  14|          3|    5|         15|
    |hist_2_address0              |  14|          3|    5|         15|
    |hist_3_address0              |  14|          3|    5|         15|
    |hist_address0                |  14|          3|    5|         15|
    |x_fu_72                      |   9|          2|    8|         16|
    +-----------------------------+----+-----------+-----+-----------+
    |Total                        | 124|         27|   41|        103|
    +-----------------------------+----+-----------+-----+-----------+

    * Register: 
    +-----------------------------+---+----+-----+-----------+
    |             Name            | FF| LUT| Bits| Const Bits|
    +-----------------------------+---+----+-----+-----------+
    |ap_CS_fsm                    |  2|   0|    2|          0|
    |ap_done_reg                  |  1|   0|    1|          0|
    |ap_enable_reg_pp0_iter0_reg  |  1|   0|    1|          0|
    |ap_enable_reg_pp0_iter1      |  1|   0|    1|          0|
    |ch_cast_cast_reg_361         |  7|   0|   16|          9|
    |hist_1_addr_reg_409          |  5|   0|    5|          0|
    |hist_2_addr_reg_414          |  5|   0|    5|          0|
    |hist_3_addr_reg_419          |  5|   0|    5|          0|
    |hist_addr_reg_404            |  5|   0|    5|          0|
    |icmp_ln245_reg_366           |  1|   0|    1|          0|
    |icmp_ln247_reg_375           |  1|   0|    1|          0|
    |trunc_ln245_reg_370          |  2|   0|    2|          0|
    |trunc_ln248_1_reg_399        |  2|   0|    2|          0|
    |x_fu_72                      |  8|   0|    8|          0|
    +-----------------------------+---+----+-----+-----------+
    |Total                        | 46|   0|   55|          9|
    +-----------------------------+---+----+-----+-----------+



================================================================
== Interface
================================================================
* Summary: 
+-----------------+-----+-----+------------+-----------------------------------+--------------+
|    RTL Ports    | Dir | Bits|  Protocol  |           Source Object           |    C Type    |
+-----------------+-----+-----+------------+-----------------------------------+--------------+
|ap_clk           |   in|    1|  ap_ctrl_hs|  topk_sum_hist_Pipeline_BUILD_HIST|  return value|
|ap_rst           |   in|    1|  ap_ctrl_hs|  topk_sum_hist_Pipeline_BUILD_HIST|  return value|
|ap_start         |   in|    1|  ap_ctrl_hs|  topk_sum_hist_Pipeline_BUILD_HIST|  return value|
|ap_done          |  out|    1|  ap_ctrl_hs|  topk_sum_hist_Pipeline_BUILD_HIST|  return value|
|ap_idle          |  out|    1|  ap_ctrl_hs|  topk_sum_hist_Pipeline_BUILD_HIST|  return value|
|ap_ready         |  out|    1|  ap_ctrl_hs|  topk_sum_hist_Pipeline_BUILD_HIST|  return value|
|cw               |   in|    8|     ap_none|                                 cw|        scalar|
|runs_0_address0  |  out|    5|   ap_memory|                             runs_0|         array|
|runs_0_ce0       |  out|    1|   ap_memory|                             runs_0|         array|
|runs_0_q0        |   in|   16|   ap_memory|                             runs_0|         array|
|runs_1_address0  |  out|    5|   ap_memory|                             runs_1|         array|
|runs_1_ce0       |  out|    1|   ap_memory|                             runs_1|         array|
|runs_1_q0        |   in|   16|   ap_memory|                             runs_1|         array|
|runs_2_address0  |  out|    5|   ap_memory|                             runs_2|         array|
|runs_2_ce0       |  out|    1|   ap_memory|                             runs_2|         array|
|runs_2_q0        |   in|   16|   ap_memory|                             runs_2|         array|
|runs_3_address0  |  out|    5|   ap_memory|                             runs_3|         array|
|runs_3_ce0       |  out|    1|   ap_memory|                             runs_3|         array|
|runs_3_q0        |   in|   16|   ap_memory|                             runs_3|         array|
|ch_cast          |   in|    7|     ap_none|                            ch_cast|        scalar|
|ch               |   in|    7|     ap_none|                                 ch|        scalar|
|hist_address0    |  out|    5|   ap_memory|                               hist|         array|
|hist_ce0         |  out|    1|   ap_memory|                               hist|         array|
|hist_we0         |  out|    1|   ap_memory|                               hist|         array|
|hist_d0          |  out|   16|   ap_memory|                               hist|         array|
|hist_q0          |   in|   16|   ap_memory|                               hist|         array|
|hist_1_address0  |  out|    5|   ap_memory|                             hist_1|         array|
|hist_1_ce0       |  out|    1|   ap_memory|                             hist_1|         array|
|hist_1_we0       |  out|    1|   ap_memory|                             hist_1|         array|
|hist_1_d0        |  out|   16|   ap_memory|                             hist_1|         array|
|hist_1_q0        |   in|   16|   ap_memory|                             hist_1|         array|
|hist_2_address0  |  out|    5|   ap_memory|                             hist_2|         array|
|hist_2_ce0       |  out|    1|   ap_memory|                             hist_2|         array|
|hist_2_we0       |  out|    1|   ap_memory|                             hist_2|         array|
|hist_2_d0        |  out|   16|   ap_memory|                             hist_2|         array|
|hist_2_q0        |   in|   16|   ap_memory|                             hist_2|         array|
|hist_3_address0  |  out|    5|   ap_memory|                             hist_3|         array|
|hist_3_ce0       |  out|    1|   ap_memory|                             hist_3|         array|
|hist_3_we0       |  out|    1|   ap_memory|                             hist_3|         array|
|hist_3_d0        |  out|   16|   ap_memory|                             hist_3|         array|
|hist_3_q0        |   in|   16|   ap_memory|                             hist_3|         array|
+-----------------+-----+-----+------------+-----------------------------------+--------------+

