

================================================================
== Vitis HLS Report for 'classify_Pipeline_MAC_LOOP'
================================================================
* Date:           Wed Jun 10 19:31:42 2026

* Version:        2023.2 (Build 4023990 on Oct 11 2023)
* Project:        classify_hls_120d
* Solution:       solution1 (Vivado IP Flow Target)
* Product family: zynq
* Target device:  xc7z020-clg400-1


================================================================
== Performance Estimates
================================================================
+ Timing: 
    * Summary: 
    +--------+----------+-----------+------------+
    |  Clock |  Target  | Estimated | Uncertainty|
    +--------+----------+-----------+------------+
    |ap_clk  |  20.00 ns|  13.136 ns|     5.40 ns|
    +--------+----------+-----------+------------+

+ Latency: 
    * Summary: 
    +---------+---------+----------+----------+-----+-----+---------+
    |  Latency (cycles) |  Latency (absolute) |  Interval | Pipeline|
    |   min   |   max   |    min   |    max   | min | max |   Type  |
    +---------+---------+----------+----------+-----+-----+---------+
    |      123|      123|  2.460 us|  2.460 us|  123|  123|       no|
    +---------+---------+----------+----------+-----+-----+---------+

    + Detail: 
        * Instance: 
        N/A

        * Loop: 
        +------------+---------+---------+----------+-----------+-----------+------+----------+
        |            |  Latency (cycles) | Iteration|  Initiation Interval  | Trip |          |
        |  Loop Name |   min   |   max   |  Latency |  achieved |   target  | Count| Pipelined|
        +------------+---------+---------+----------+-----------+-----------+------+----------+
        |- MAC_LOOP  |      121|      121|         3|          1|          1|   120|       yes|
        +------------+---------+---------+----------+-----------+-----------+------+----------+



================================================================
== Utilization Estimates
================================================================
* Summary: 
+-----------------+---------+-----+--------+-------+-----+
|       Name      | BRAM_18K| DSP |   FF   |  LUT  | URAM|
+-----------------+---------+-----+--------+-------+-----+
|DSP              |        -|    -|       -|      -|    -|
|Expression       |        -|    -|       0|     97|    -|
|FIFO             |        -|    -|       -|      -|    -|
|Instance         |        -|    2|       0|     62|    -|
|Memory           |        1|    -|       0|      0|    -|
|Multiplexer      |        -|    -|       -|     45|    -|
|Register         |        -|    -|     129|      -|    -|
+-----------------+---------+-----+--------+-------+-----+
|Total            |        1|    2|     129|    204|    0|
+-----------------+---------+-----+--------+-------+-----+
|Available        |      280|  220|  106400|  53200|    0|
+-----------------+---------+-----+--------+-------+-----+
|Utilization (%)  |       ~0|   ~0|      ~0|     ~0|    0|
+-----------------+---------+-----+--------+-------+-----+

+ Detail: 
    * Instance: 
    +---------------------------+-----------------------+---------+----+---+----+-----+
    |          Instance         |         Module        | BRAM_18K| DSP| FF| LUT| URAM|
    +---------------------------+-----------------------+---------+----+---+----+-----+
    |mul_32s_22s_53_1_1_U13     |mul_32s_22s_53_1_1     |        0|   2|  0|  20|    0|
    |sparsemux_17_3_32_1_1_U14  |sparsemux_17_3_32_1_1  |        0|   0|  0|  42|    0|
    +---------------------------+-----------------------+---------+----+---+----+-----+
    |Total                      |                       |        0|   2|  0|  62|    0|
    +---------------------------+-----------------------+---------+----+---+----+-----+

    * DSP: 
    N/A

    * Memory: 
    +---------+----------------------------------------------+---------+---+----+-----+------+-----+------+-------------+
    |  Memory |                    Module                    | BRAM_18K| FF| LUT| URAM| Words| Bits| Banks| W*Bits*Banks|
    +---------+----------------------------------------------+---------+---+----+-----+------+-----+------+-------------+
    |SVM_W_U  |classify_Pipeline_MAC_LOOP_SVM_W_ROM_AUTO_1R  |        1|  0|   0|    0|   120|   22|     1|         2640|
    +---------+----------------------------------------------+---------+---+----+-----+------+-----+------+-------------+
    |Total    |                                              |        1|  0|   0|    0|   120|   22|     1|         2640|
    +---------+----------------------------------------------+---------+---+----+-----+------+-----+------+-------------+

    * FIFO: 
    N/A

    * Expression: 
    +---------------------+----------+----+---+----+------------+------------+
    |    Variable Name    | Operation| DSP| FF| LUT| Bitwidth P0| Bitwidth P1|
    +---------------------+----------+----+---+----+------------+------------+
    |acc_1_fu_326_p2      |         +|   0|  0|  67|          60|          60|
    |add_ln87_fu_229_p2   |         +|   0|  0|  14|           7|           1|
    |icmp_ln87_fu_223_p2  |      icmp|   0|  0|  14|           7|           5|
    |ap_enable_pp0        |       xor|   0|  0|   2|           1|           2|
    +---------------------+----------+----+---+----+------------+------------+
    |Total                |          |   0|  0|  97|          75|          68|
    +---------------------+----------+----+---+----+------------+------------+

    * Multiplexer: 
    +-------------------------+----+-----------+-----+-----------+
    |           Name          | LUT| Input Size| Bits| Total Bits|
    +-------------------------+----+-----------+-----+-----------+
    |acc_fu_74                |   9|          2|   60|        120|
    |ap_done_int              |   9|          2|    1|          2|
    |ap_enable_reg_pp0_iter1  |   9|          2|    1|          2|
    |ap_sig_allocacmp_i       |   9|          2|    7|         14|
    |i_1_fu_78                |   9|          2|    7|         14|
    +-------------------------+----+-----------+-----+-----------+
    |Total                    |  45|         10|   76|        152|
    +-------------------------+----+-----------+-----+-----------+

    * Register: 
    +----------------------------------+----+----+-----+-----------+
    |               Name               | FF | LUT| Bits| Const Bits|
    +----------------------------------+----+----+-----+-----------+
    |acc_fu_74                         |  60|   0|   60|          0|
    |ap_CS_fsm                         |   1|   0|    1|          0|
    |ap_done_reg                       |   1|   0|    1|          0|
    |ap_enable_reg_pp0_iter1           |   1|   0|    1|          0|
    |ap_enable_reg_pp0_iter2           |   1|   0|    1|          0|
    |ap_loop_exit_ready_pp0_iter1_reg  |   1|   0|    1|          0|
    |i_1_fu_78                         |   7|   0|    7|          0|
    |icmp_ln87_reg_356                 |   1|   0|    1|          0|
    |mul_ln89_reg_410                  |  53|   0|   53|          0|
    |trunc_ln87_reg_360                |   3|   0|    3|          0|
    +----------------------------------+----+----+-----+-----------+
    |Total                             | 129|   0|  129|          0|
    +----------------------------------+----+----+-----+-----------+



================================================================
== Interface
================================================================
* Summary: 
+----------------+-----+-----+------------+----------------------------+--------------+
|    RTL Ports   | Dir | Bits|  Protocol  |        Source Object       |    C Type    |
+----------------+-----+-----+------------+----------------------------+--------------+
|ap_clk          |   in|    1|  ap_ctrl_hs|  classify_Pipeline_MAC_LOOP|  return value|
|ap_rst          |   in|    1|  ap_ctrl_hs|  classify_Pipeline_MAC_LOOP|  return value|
|ap_start        |   in|    1|  ap_ctrl_hs|  classify_Pipeline_MAC_LOOP|  return value|
|ap_done         |  out|    1|  ap_ctrl_hs|  classify_Pipeline_MAC_LOOP|  return value|
|ap_idle         |  out|    1|  ap_ctrl_hs|  classify_Pipeline_MAC_LOOP|  return value|
|ap_ready        |  out|    1|  ap_ctrl_hs|  classify_Pipeline_MAC_LOOP|  return value|
|x_address0      |  out|    4|   ap_memory|                           x|         array|
|x_ce0           |  out|    1|   ap_memory|                           x|         array|
|x_q0            |   in|   32|   ap_memory|                           x|         array|
|x_1_address0    |  out|    4|   ap_memory|                         x_1|         array|
|x_1_ce0         |  out|    1|   ap_memory|                         x_1|         array|
|x_1_q0          |   in|   32|   ap_memory|                         x_1|         array|
|x_2_address0    |  out|    4|   ap_memory|                         x_2|         array|
|x_2_ce0         |  out|    1|   ap_memory|                         x_2|         array|
|x_2_q0          |   in|   32|   ap_memory|                         x_2|         array|
|x_3_address0    |  out|    4|   ap_memory|                         x_3|         array|
|x_3_ce0         |  out|    1|   ap_memory|                         x_3|         array|
|x_3_q0          |   in|   32|   ap_memory|                         x_3|         array|
|x_4_address0    |  out|    4|   ap_memory|                         x_4|         array|
|x_4_ce0         |  out|    1|   ap_memory|                         x_4|         array|
|x_4_q0          |   in|   32|   ap_memory|                         x_4|         array|
|x_5_address0    |  out|    4|   ap_memory|                         x_5|         array|
|x_5_ce0         |  out|    1|   ap_memory|                         x_5|         array|
|x_5_q0          |   in|   32|   ap_memory|                         x_5|         array|
|x_6_address0    |  out|    4|   ap_memory|                         x_6|         array|
|x_6_ce0         |  out|    1|   ap_memory|                         x_6|         array|
|x_6_q0          |   in|   32|   ap_memory|                         x_6|         array|
|x_7_address0    |  out|    4|   ap_memory|                         x_7|         array|
|x_7_ce0         |  out|    1|   ap_memory|                         x_7|         array|
|x_7_q0          |   in|   32|   ap_memory|                         x_7|         array|
|acc_out         |  out|   60|      ap_vld|                     acc_out|       pointer|
|acc_out_ap_vld  |  out|    1|      ap_vld|                     acc_out|       pointer|
+----------------+-----+-----+------------+----------------------------+--------------+

