================================================================
== Design Size Report
================================================================

* Total Instructions per Compilation Phase
+---------------+-----------------------------+--------------+----------------------------------------------------------------------------------------+
| Phase         | Step                        | Instructions | Description                                                                            |
+---------------+-----------------------------+--------------+----------------------------------------------------------------------------------------+
| Compile/Link  |                             | 460          | After all functions are compiled and linked into a single design                       |
|               |                             |              |                                                                                        |
| Unroll/Inline |                             |              | After user unroll and inline pragmas are applied                                       |
|               | (1) unroll                  | 111          | user unroll pragmas are applied                                                        |
|               | (2) simplification          |  91          | simplification of applied user unroll pragmas                                          |
|               | (3) inline                  |  89          | user inline pragmas are applied                                                        |
|               | (4) simplification          |  89          | simplification of applied user inline pragmas                                          |
|               |                             |              |                                                                                        |
| Array/Struct  |                             |              | After user array partition and struct aggregate/disaggregate pragmas are applied       |
|               | (1) array partition         | 165          | user array partition pragmas are applied                                               |
|               | (2) simplification          | 163          | simplification of applied user array partition & struct aggregate/disaggregate pragmas |
|               | (3) aggregate/disaggregate  | 163          | user struct aggregate/disaggregate pragmas are applied                                 |
|               | (4) array reshape           | 163          | apply array reshape pragmas                                                            |
|               | (5) access patterns         | 223          | array access pattern optmizations                                                      |
|               |                             |              |                                                                                        |
| Performance   |                             |              | After transformations are applied to meet performance pragma targets                   |
|               | (1) loop simplification     | 224          | loop and instruction simplification                                                    |
|               | (2) parallelization         | 222          | loops are unrolled or pipelined to meet performance targets                            |
|               | (3) array partition         | 179          | arrays are partitioned to meet performance targets                                     |
|               | (4) simplification          | 179          | simplification of design after performance transformations                             |
|               |                             |              |                                                                                        |
| HW Transforms |                             |              | After hardware transfomations                                                          |
|               | (1) lowering                | 163          | initial conversion to HW specific instructions                                         |
|               | (2) optimizations           | 164          | high level synthesis optimizations                                                     |
+---------------+-----------------------------+--------------+----------------------------------------------------------------------------------------+

* Instructions per Function for each Compilation Phase
+--------------------+-----------------+---------------+---------------+--------------+-------------+---------------+
| Function           | Location        | Compile/Link  | Unroll/Inline | Array/Struct | Performance | HW Transforms |
+--------------------+-----------------+---------------+---------------+--------------+-------------+---------------+
| + classify         | classify.cpp:65 | 460           | 89            | 223          | 179         | 164           |
|  + score_to_q      | classify.cpp:39 |  23           |               |              |             |               |
|     saturate_i32   | classify.cpp:30 |  10           |               |              |             |               |
|    write_axis_word | classify.cpp:55 | 326 (2 calls) |               |              |             |               |
+--------------------+-----------------+---------------+---------------+--------------+-------------+---------------+

* Design Size Message Settings
+---------------------------------------------+--------+------------------------------------------------------------------+
| Message Setting                             | Value  | Description                                                      |
+---------------------------------------------+--------+------------------------------------------------------------------+
| config_compile -design_size_maximum_warning | 100000 | Show a warning when total design instructions exceeds this value |
+---------------------------------------------+--------+------------------------------------------------------------------+


